<testsuite errors="0" failures="0" name="Django Project Tests" skips="0" tests="3" time="17.406"><testcase classname="cooking.tests.SeleniumHealthTest.SeleniumHealtTest" name="test_connexion_page" time="1.249464" /><testcase classname="cooking.tests.SeleniumHealthTest.SeleniumHealtTest" name="test_invalid_login" time="1.067797" /><testcase classname="cooking.tests.SeleniumHealthTest.SeleniumHealtTest" name="test_valid_non_admin_login" time="11.188764" /></testsuite>